---
source: shellclear/src/state.rs
expression: backup_folder.len()
---
3
