---
source: shellclear/src/state.rs
expression: "fs::read_to_string(&context.history.path)"
---
Ok(
    "new commands",
)
