---
source: shellclear/src/state.rs
expression: "context.save_history_content(\"new commands\")"
---
Ok(
    (),
)
