---
source: shellclear/src/state.rs
expression: context.pop().is_ok()
---
true
