---
source: shellclear/src/engine.rs
expression: "fs::read_to_string(state_context.history.path)"
---
Ok(
    "history\nls\necho 'hello you'\nrm -f ./file.txt\n",
)
