---
source: shellclear/src/state.rs
expression: context.stash().is_ok()
---
true
